剪贴板内容: (empty)❌ 未提取到URL
